// Jest Snapshot v1, https://goo.gl/fbAQLP

exports[`renders homepage unchanged 1`] = `
<div>
  <section
    class="mb-16 mt-16 flex flex-col items-center md:mb-12 "
  >
    <h1
      class="text-5xl font-bold leading-tight tracking-tighter md:pr-8 md:text-7xl"
    >
      Best Seen On Foot
    </h1>
    <h2
      class="mt-5 text-center text-4xl md:pl-8 md:text-left"
    >
      Welcome to our travels!
    </h2>
  </section>
</div>
`;
